Could not find platform independent libraries <prefix>
============================= test session starts =============================
platform win32 -- Python 3.14.2, pytest-9.0.2, pluggy-1.6.0
benchmark: 5.2.3 (defaults: timer=time.perf_counter disable_gc=False min_rounds=5 min_time=0.000005 max_time=1.0 calibration_precision=10 warmup=False warmup_iterations=100000)
rootdir: C:\Users\cabhi\OneDrive\Desktop\coding\project
plugins: anyio-4.12.1, hypothesis-6.150.2, asyncio-1.3.0, benchmark-5.2.3, cov-7.0.0
asyncio: mode=Mode.STRICT, debug=False, asyncio_default_fixture_loop_scope=None, asyncio_default_test_loop_scope=function
collected 23 items

tests\test_crypto.py .......................                             [100%]

============================= 23 passed in 0.59s ==============================
